Archive member included because of file (symbol)

c:/program files (x86)/atmel/atmel toolchain/avr8 gcc/native/3.4.1061/avr8-gnu-toolchain/bin/../lib/gcc/avr/4.8.1/avr5\libgcc.a(_udivmodsi4.o)
                              src/main.o (__udivmodsi4)
c:/program files (x86)/atmel/atmel toolchain/avr8 gcc/native/3.4.1061/avr8-gnu-toolchain/bin/../lib/gcc/avr/4.8.1/avr5\libgcc.a(_exit.o)
                              c:/program files (x86)/atmel/atmel toolchain/avr8 gcc/native/3.4.1061/avr8-gnu-toolchain/bin/../lib/gcc/avr/4.8.1/../../../../avr/lib/avr5/crtm328p.o (exit)
c:/program files (x86)/atmel/atmel toolchain/avr8 gcc/native/3.4.1061/avr8-gnu-toolchain/bin/../lib/gcc/avr/4.8.1/avr5\libgcc.a(_copy_data.o)
                              src/UART.o (__do_copy_data)
c:/program files (x86)/atmel/atmel toolchain/avr8 gcc/native/3.4.1061/avr8-gnu-toolchain/bin/../lib/gcc/avr/4.8.1/avr5\libgcc.a(_clear_bss.o)
                              src/FuncionesDerivadas.o (__do_clear_bss)
c:/program files (x86)/atmel/atmel toolchain/avr8 gcc/native/3.4.1061/avr8-gnu-toolchain/bin/../lib/gcc/avr/4.8.1/avr5\libgcc.a(_muluhisi3.o)
                              src/main.o (__muluhisi3)
c:/program files (x86)/atmel/atmel toolchain/avr8 gcc/native/3.4.1061/avr8-gnu-toolchain/bin/../lib/gcc/avr/4.8.1/avr5\libgcc.a(_umulhisi3.o)
                              c:/program files (x86)/atmel/atmel toolchain/avr8 gcc/native/3.4.1061/avr8-gnu-toolchain/bin/../lib/gcc/avr/4.8.1/avr5\libgcc.a(_muluhisi3.o) (__umulhisi3)
c:/program files (x86)/atmel/atmel toolchain/avr8 gcc/native/3.4.1061/avr8-gnu-toolchain/bin/../lib/gcc/avr/4.8.1/../../../../avr/lib/avr5\libc.a(atoi.o)
                              src/FuncionesDerivadas.o (atoi)
c:/program files (x86)/atmel/atmel toolchain/avr8 gcc/native/3.4.1061/avr8-gnu-toolchain/bin/../lib/gcc/avr/4.8.1/../../../../avr/lib/avr5\libc.a(mul10.o)
                              c:/program files (x86)/atmel/atmel toolchain/avr8 gcc/native/3.4.1061/avr8-gnu-toolchain/bin/../lib/gcc/avr/4.8.1/../../../../avr/lib/avr5\libc.a(atoi.o) (__mulhi_const_10)
c:/program files (x86)/atmel/atmel toolchain/avr8 gcc/native/3.4.1061/avr8-gnu-toolchain/bin/../lib/gcc/avr/4.8.1/../../../../avr/lib/avr5\libc.a(sprintf.o)
                              src/UART.o (sprintf)
c:/program files (x86)/atmel/atmel toolchain/avr8 gcc/native/3.4.1061/avr8-gnu-toolchain/bin/../lib/gcc/avr/4.8.1/../../../../avr/lib/avr5\libc.a(vfprintf_std.o)
                              c:/program files (x86)/atmel/atmel toolchain/avr8 gcc/native/3.4.1061/avr8-gnu-toolchain/bin/../lib/gcc/avr/4.8.1/../../../../avr/lib/avr5\libc.a(sprintf.o) (vfprintf)
c:/program files (x86)/atmel/atmel toolchain/avr8 gcc/native/3.4.1061/avr8-gnu-toolchain/bin/../lib/gcc/avr/4.8.1/../../../../avr/lib/avr5\libc.a(strnlen_P.o)
                              c:/program files (x86)/atmel/atmel toolchain/avr8 gcc/native/3.4.1061/avr8-gnu-toolchain/bin/../lib/gcc/avr/4.8.1/../../../../avr/lib/avr5\libc.a(vfprintf_std.o) (strnlen_P)
c:/program files (x86)/atmel/atmel toolchain/avr8 gcc/native/3.4.1061/avr8-gnu-toolchain/bin/../lib/gcc/avr/4.8.1/../../../../avr/lib/avr5\libc.a(strnlen.o)
                              c:/program files (x86)/atmel/atmel toolchain/avr8 gcc/native/3.4.1061/avr8-gnu-toolchain/bin/../lib/gcc/avr/4.8.1/../../../../avr/lib/avr5\libc.a(vfprintf_std.o) (strnlen)
c:/program files (x86)/atmel/atmel toolchain/avr8 gcc/native/3.4.1061/avr8-gnu-toolchain/bin/../lib/gcc/avr/4.8.1/../../../../avr/lib/avr5\libc.a(fputc.o)
                              c:/program files (x86)/atmel/atmel toolchain/avr8 gcc/native/3.4.1061/avr8-gnu-toolchain/bin/../lib/gcc/avr/4.8.1/../../../../avr/lib/avr5\libc.a(vfprintf_std.o) (fputc)
c:/program files (x86)/atmel/atmel toolchain/avr8 gcc/native/3.4.1061/avr8-gnu-toolchain/bin/../lib/gcc/avr/4.8.1/../../../../avr/lib/avr5\libc.a(ultoa_invert.o)
                              c:/program files (x86)/atmel/atmel toolchain/avr8 gcc/native/3.4.1061/avr8-gnu-toolchain/bin/../lib/gcc/avr/4.8.1/../../../../avr/lib/avr5\libc.a(vfprintf_std.o) (__ultoa_invert)
c:/program files (x86)/atmel/atmel toolchain/avr8 gcc/native/3.4.1061/avr8-gnu-toolchain/bin/../lib/gcc/avr/4.8.1/avr5\libgcc.a(_prologue.o)
                              c:/program files (x86)/atmel/atmel toolchain/avr8 gcc/native/3.4.1061/avr8-gnu-toolchain/bin/../lib/gcc/avr/4.8.1/../../../../avr/lib/avr5\libc.a(sprintf.o) (__prologue_saves__)
c:/program files (x86)/atmel/atmel toolchain/avr8 gcc/native/3.4.1061/avr8-gnu-toolchain/bin/../lib/gcc/avr/4.8.1/avr5\libgcc.a(_epilogue.o)
                              c:/program files (x86)/atmel/atmel toolchain/avr8 gcc/native/3.4.1061/avr8-gnu-toolchain/bin/../lib/gcc/avr/4.8.1/../../../../avr/lib/avr5\libc.a(sprintf.o) (__epilogue_restores__)

Allocating common symbols
Common symbol       size              file

Buffer              0xa               src/UART.o

Discarded input sections

 .data          0x00000000        0x0 c:/program files (x86)/atmel/atmel toolchain/avr8 gcc/native/3.4.1061/avr8-gnu-toolchain/bin/../lib/gcc/avr/4.8.1/../../../../avr/lib/avr5/crtm328p.o
 .bss           0x00000000        0x0 c:/program files (x86)/atmel/atmel toolchain/avr8 gcc/native/3.4.1061/avr8-gnu-toolchain/bin/../lib/gcc/avr/4.8.1/../../../../avr/lib/avr5/crtm328p.o
 .group         0x00000000        0x8 src/FuncionesDerivadas.o
 .group         0x00000000        0x8 src/FuncionesDerivadas.o
 .group         0x00000000        0x8 src/FuncionesDerivadas.o
 .group         0x00000000        0x8 src/FuncionesDerivadas.o
 .group         0x00000000        0x8 src/FuncionesDerivadas.o
 .group         0x00000000        0x8 src/FuncionesDerivadas.o
 .group         0x00000000        0x8 src/FuncionesDerivadas.o
 .group         0x00000000        0x8 src/FuncionesDerivadas.o
 .group         0x00000000        0x8 src/FuncionesDerivadas.o
 .group         0x00000000        0x8 src/FuncionesDerivadas.o
 .group         0x00000000        0x8 src/FuncionesDerivadas.o
 .group         0x00000000        0x8 src/FuncionesDerivadas.o
 .group         0x00000000        0x8 src/FuncionesDerivadas.o
 .group         0x00000000        0x8 src/FuncionesDerivadas.o
 .group         0x00000000        0x8 src/FuncionesDerivadas.o
 .group         0x00000000        0x8 src/FuncionesDerivadas.o
 .group         0x00000000        0x8 src/FuncionesDerivadas.o
 .group         0x00000000        0x8 src/FuncionesDerivadas.o
 .group         0x00000000        0x8 src/FuncionesDerivadas.o
 .group         0x00000000        0x8 src/FuncionesDerivadas.o
 .group         0x00000000        0x8 src/FuncionesDerivadas.o
 .group         0x00000000        0x8 src/FuncionesDerivadas.o
 .group         0x00000000        0x8 src/FuncionesDerivadas.o
 .text          0x00000000        0x0 src/FuncionesDerivadas.o
 .data          0x00000000        0x0 src/FuncionesDerivadas.o
 .bss           0x00000000        0x0 src/FuncionesDerivadas.o
 .text.DetectarTipo
                0x00000000       0x9a src/FuncionesDerivadas.o
 .text.LlenarVectorConDosCaracteres
                0x00000000       0xbc src/FuncionesDerivadas.o
 .text.LlenarVectorConDiezCaracteres
                0x00000000       0xfa src/FuncionesDerivadas.o
 .text.LlenarVectorConTresCaracteres
                0x00000000       0xb0 src/FuncionesDerivadas.o
 .bss.Aux       0x00000000        0x2 src/FuncionesDerivadas.o
 .progmem.data.TextoFracaso12
                0x00000000       0x22 src/FuncionesDerivadas.o
 .progmem.data.TextoExito2
                0x00000000       0x16 src/FuncionesDerivadas.o
 .debug_info    0x00000000      0x503 src/FuncionesDerivadas.o
 .debug_abbrev  0x00000000      0x17b src/FuncionesDerivadas.o
 .debug_loc     0x00000000      0x3f6 src/FuncionesDerivadas.o
 .debug_aranges
                0x00000000       0x38 src/FuncionesDerivadas.o
 .debug_ranges  0x00000000       0x28 src/FuncionesDerivadas.o
 .debug_macro   0x00000000      0x191 src/FuncionesDerivadas.o
 .debug_macro   0x00000000      0xa30 src/FuncionesDerivadas.o
 .debug_macro   0x00000000       0x10 src/FuncionesDerivadas.o
 .debug_macro   0x00000000      0x1ad src/FuncionesDerivadas.o
 .debug_macro   0x00000000      0x293 src/FuncionesDerivadas.o
 .debug_macro   0x00000000       0x9e src/FuncionesDerivadas.o
 .debug_macro   0x00000000     0x13ae src/FuncionesDerivadas.o
 .debug_macro   0x00000000      0x13a src/FuncionesDerivadas.o
 .debug_macro   0x00000000       0xbd src/FuncionesDerivadas.o
 .debug_macro   0x00000000       0x34 src/FuncionesDerivadas.o
 .debug_macro   0x00000000       0x18 src/FuncionesDerivadas.o
 .debug_macro   0x00000000       0x6c src/FuncionesDerivadas.o
 .debug_macro   0x00000000       0x10 src/FuncionesDerivadas.o
 .debug_macro   0x00000000      0x16d src/FuncionesDerivadas.o
 .debug_macro   0x00000000       0x58 src/FuncionesDerivadas.o
 .debug_macro   0x00000000       0x10 src/FuncionesDerivadas.o
 .debug_macro   0x00000000       0x97 src/FuncionesDerivadas.o
 .debug_macro   0x00000000       0xeb src/FuncionesDerivadas.o
 .debug_macro   0x00000000       0x1c src/FuncionesDerivadas.o
 .debug_macro   0x00000000       0x97 src/FuncionesDerivadas.o
 .debug_macro   0x00000000       0x60 src/FuncionesDerivadas.o
 .debug_macro   0x00000000       0x10 src/FuncionesDerivadas.o
 .debug_macro   0x00000000       0x12 src/FuncionesDerivadas.o
 .debug_macro   0x00000000       0xe2 src/FuncionesDerivadas.o
 .debug_line    0x00000000      0x532 src/FuncionesDerivadas.o
 .debug_str     0x00000000     0x8559 src/FuncionesDerivadas.o
 .comment       0x00000000       0x31 src/FuncionesDerivadas.o
 .debug_frame   0x00000000       0xa8 src/FuncionesDerivadas.o
 .group         0x00000000        0x8 src/FuncionesEprom.o
 .group         0x00000000        0x8 src/FuncionesEprom.o
 .group         0x00000000        0x8 src/FuncionesEprom.o
 .group         0x00000000        0x8 src/FuncionesEprom.o
 .group         0x00000000        0x8 src/FuncionesEprom.o
 .group         0x00000000        0x8 src/FuncionesEprom.o
 .group         0x00000000        0x8 src/FuncionesEprom.o
 .group         0x00000000        0x8 src/FuncionesEprom.o
 .group         0x00000000        0x8 src/FuncionesEprom.o
 .group         0x00000000        0x8 src/FuncionesEprom.o
 .group         0x00000000        0x8 src/FuncionesEprom.o
 .group         0x00000000        0x8 src/FuncionesEprom.o
 .group         0x00000000        0x8 src/FuncionesEprom.o
 .group         0x00000000        0x8 src/FuncionesEprom.o
 .group         0x00000000        0x8 src/FuncionesEprom.o
 .text          0x00000000        0x0 src/FuncionesEprom.o
 .data          0x00000000        0x0 src/FuncionesEprom.o
 .bss           0x00000000        0x0 src/FuncionesEprom.o
 .text.EPROM_Write
                0x00000000       0x14 src/FuncionesEprom.o
 .text.EPROM_Read
                0x00000000        0xe src/FuncionesEprom.o
 .text.EPROM_Write_String
                0x00000000       0x92 src/FuncionesEprom.o
 .text.EPROM_Read_String
                0x00000000       0x5c src/FuncionesEprom.o
 .debug_info    0x00000000      0x246 src/FuncionesEprom.o
 .debug_abbrev  0x00000000      0x110 src/FuncionesEprom.o
 .debug_loc     0x00000000      0x2d8 src/FuncionesEprom.o
 .debug_aranges
                0x00000000       0x38 src/FuncionesEprom.o
 .debug_ranges  0x00000000       0x28 src/FuncionesEprom.o
 .debug_macro   0x00000000       0xb1 src/FuncionesEprom.o
 .debug_macro   0x00000000      0xa30 src/FuncionesEprom.o
 .debug_macro   0x00000000       0x10 src/FuncionesEprom.o
 .debug_macro   0x00000000      0x1ad src/FuncionesEprom.o
 .debug_macro   0x00000000      0x293 src/FuncionesEprom.o
 .debug_macro   0x00000000       0x9e src/FuncionesEprom.o
 .debug_macro   0x00000000     0x13ae src/FuncionesEprom.o
 .debug_macro   0x00000000      0x13a src/FuncionesEprom.o
 .debug_macro   0x00000000       0xbd src/FuncionesEprom.o
 .debug_macro   0x00000000       0x34 src/FuncionesEprom.o
 .debug_macro   0x00000000       0x18 src/FuncionesEprom.o
 .debug_macro   0x00000000       0x6c src/FuncionesEprom.o
 .debug_macro   0x00000000       0x1c src/FuncionesEprom.o
 .debug_macro   0x00000000      0x10e src/FuncionesEprom.o
 .debug_macro   0x00000000       0x66 src/FuncionesEprom.o
 .debug_macro   0x00000000       0x69 src/FuncionesEprom.o
 .debug_line    0x00000000      0x323 src/FuncionesEprom.o
 .debug_str     0x00000000     0x6c81 src/FuncionesEprom.o
 .comment       0x00000000       0x31 src/FuncionesEprom.o
 .debug_frame   0x00000000       0xbc src/FuncionesEprom.o
 .group         0x00000000        0x8 src/Menu.o
 .text          0x00000000        0x0 src/Menu.o
 .data          0x00000000        0x0 src/Menu.o
 .bss           0x00000000        0x0 src/Menu.o
 .debug_info    0x00000000       0x21 src/Menu.o
 .debug_abbrev  0x00000000       0x13 src/Menu.o
 .debug_aranges
                0x00000000       0x18 src/Menu.o
 .debug_macro   0x00000000       0x11 src/Menu.o
 .debug_macro   0x00000000      0xa30 src/Menu.o
 .debug_line    0x00000000       0x2b src/Menu.o
 .debug_str     0x00000000     0x2ab2 src/Menu.o
 .comment       0x00000000       0x31 src/Menu.o
 .group         0x00000000        0x8 src/UART.o
 .group         0x00000000        0x8 src/UART.o
 .group         0x00000000        0x8 src/UART.o
 .group         0x00000000        0x8 src/UART.o
 .group         0x00000000        0x8 src/UART.o
 .group         0x00000000        0x8 src/UART.o
 .group         0x00000000        0x8 src/UART.o
 .group         0x00000000        0x8 src/UART.o
 .group         0x00000000        0x8 src/UART.o
 .group         0x00000000        0x8 src/UART.o
 .group         0x00000000        0x8 src/UART.o
 .group         0x00000000        0x8 src/UART.o
 .group         0x00000000        0x8 src/UART.o
 .group         0x00000000        0x8 src/UART.o
 .group         0x00000000        0x8 src/UART.o
 .group         0x00000000        0x8 src/UART.o
 .group         0x00000000        0x8 src/UART.o
 .group         0x00000000        0x8 src/UART.o
 .group         0x00000000        0x8 src/UART.o
 .group         0x00000000        0x8 src/UART.o
 .text          0x00000000        0x0 src/UART.o
 .data          0x00000000        0x0 src/UART.o
 .bss           0x00000000        0x0 src/UART.o
 .text.uart_receive_char
                0x00000000       0x16 src/UART.o
 .text.echo_serialNobloqueante
                0x00000000       0x2a src/UART.o
 .text.echo_serial
                0x00000000       0x16 src/UART.o
 .text.UART_receive_non_blocking
                0x00000000       0x12 src/UART.o
 .text.EnviarTextoSeleccionarOpcion
                0x00000000        0xe src/UART.o
 .text.Carpy    0x00000000      0x11e src/UART.o
 .text.MenuInicial
                0x00000000       0x4a src/UART.o
 .text.MenuMediciones
                0x00000000      0x21e src/UART.o
 .text.MenuCambiarVolumenBidon
                0x00000000        0x2 src/UART.o
 .text.MenuConfiguraciones
                0x00000000      0x2c2 src/UART.o
 .text.MenuCambioDeNombre
                0x00000000       0x5a src/UART.o
 .text.Fracaso  0x00000000       0x1e src/UART.o
 .text.CambioDeNumero
                0x00000000       0x5a src/UART.o
 .text.MenuTamanho
                0x00000000       0x2a src/UART.o
 .progmem.data.MenuCambioDeNumero6
                0x00000000       0x3c src/UART.o
 .progmem.data.MenuCambioDeNumero5
                0x00000000       0x3c src/UART.o
 .progmem.data.MenuCambioDeNumero4
                0x00000000       0x3c src/UART.o
 .progmem.data.MenuCambioDeNumero3
                0x00000000       0x2d src/UART.o
 .progmem.data.MenuCambioDeNumero2
                0x00000000       0x3f src/UART.o
 .progmem.data.MenuCambioDeNumero1
                0x00000000       0x3e src/UART.o
 .progmem.data.MenuCambioDeNumero0
                0x00000000       0x34 src/UART.o
 .progmem.data.MenuCambioDeNombre6
                0x00000000       0x2d src/UART.o
 .progmem.data.MenuCambioDeNombre5
                0x00000000       0x2d src/UART.o
 .progmem.data.MenuCambioDeNombre4
                0x00000000       0x2d src/UART.o
 .progmem.data.MenuCambioDeNombre3
                0x00000000       0x2d src/UART.o
 .progmem.data.MenuCambioDeNombre2
                0x00000000       0x29 src/UART.o
 .progmem.data.MenuCambioDeNombre1
                0x00000000       0x2c src/UART.o
 .progmem.data.MenuCambioDeNombre0
                0x00000000       0x3e src/UART.o
 .progmem.data.MenuTamagno1
                0x00000000        0x9 src/UART.o
 .progmem.data.MenuTamagno0
                0x00000000        0x9 src/UART.o
 .progmem.data.MenuTamagno
                0x00000000       0x3f src/UART.o
 .progmem.data.MenuConfiguracion19
                0x00000000       0x22 src/UART.o
 .progmem.data.MenuConfiguracion18
                0x00000000       0x30 src/UART.o
 .progmem.data.MenuConfiguracion17
                0x00000000       0x30 src/UART.o
 .progmem.data.MenuConfiguracion16
                0x00000000       0x30 src/UART.o
 .progmem.data.MenuConfiguracion15
                0x00000000       0x30 src/UART.o
 .progmem.data.MenuConfiguracion14
                0x00000000       0x37 src/UART.o
 .progmem.data.MenuConfiguracion13
                0x00000000       0x37 src/UART.o
 .progmem.data.MenuConfiguracion12
                0x00000000       0x37 src/UART.o
 .progmem.data.MenuConfiguracion11
                0x00000000       0x37 src/UART.o
 .progmem.data.MenuConfiguracion10
                0x00000000       0x31 src/UART.o
 .progmem.data.MenuConfiguracion9
                0x00000000       0x31 src/UART.o
 .progmem.data.MenuConfiguracion8
                0x00000000       0x31 src/UART.o
 .progmem.data.MenuConfiguracion7
                0x00000000       0x31 src/UART.o
 .progmem.data.MenuConfiguracion6
                0x00000000       0x20 src/UART.o
 .progmem.data.MenuConfiguracion5
                0x00000000       0x2b src/UART.o
 .progmem.data.MenuConfiguracion4
                0x00000000       0x2b src/UART.o
 .progmem.data.MenuConfiguracion3
                0x00000000       0x2b src/UART.o
 .progmem.data.MenuConfiguracion2
                0x00000000       0x2b src/UART.o
 .progmem.data.MenuConfiguracion1
                0x00000000       0x2b src/UART.o
 .progmem.data.MenuConfiguracion0
                0x00000000       0x23 src/UART.o
 .progmem.data.Carpyy20
                0x00000000       0x42 src/UART.o
 .progmem.data.Carpyy19
                0x00000000       0x43 src/UART.o
 .progmem.data.Carpyy18
                0x00000000       0x44 src/UART.o
 .progmem.data.Carpyy17
                0x00000000       0x44 src/UART.o
 .progmem.data.Carpyy16
                0x00000000       0x45 src/UART.o
 .progmem.data.Carpyy15
                0x00000000       0x45 src/UART.o
 .progmem.data.Carpyy14
                0x00000000       0x45 src/UART.o
 .progmem.data.Carpyy13
                0x00000000       0x45 src/UART.o
 .progmem.data.Carpyy12
                0x00000000       0x44 src/UART.o
 .progmem.data.Carpyy11
                0x00000000       0x43 src/UART.o
 .progmem.data.Carpyy10
                0x00000000       0x41 src/UART.o
 .progmem.data.Carpyy9
                0x00000000       0x55 src/UART.o
 .progmem.data.Carpyy8
                0x00000000       0x59 src/UART.o
 .progmem.data.Carpyy7
                0x00000000       0x58 src/UART.o
 .progmem.data.Carpyy6
                0x00000000       0x58 src/UART.o
 .progmem.data.Carpyy5
                0x00000000       0x57 src/UART.o
 .progmem.data.Carpyy4
                0x00000000       0x56 src/UART.o
 .progmem.data.Carpyy3
                0x00000000       0x23 src/UART.o
 .progmem.data.Carpyy2
                0x00000000       0x43 src/UART.o
 .progmem.data.Carpyy1
                0x00000000       0x51 src/UART.o
 .progmem.data.Carpyy0
                0x00000000       0x52 src/UART.o
 .progmem.data.Carpyy
                0x00000000       0x4a src/UART.o
 .progmem.data.MenuMediciones2
                0x00000000       0x1a src/UART.o
 .progmem.data.MenuMediciones1
                0x00000000       0x1a src/UART.o
 .progmem.data.MenuMediciones0
                0x00000000       0x1a src/UART.o
 .progmem.data.Menu0_3
                0x00000000       0x10 src/UART.o
 .progmem.data.Menu0_2
                0x00000000       0x18 src/UART.o
 .progmem.data.Menu0_1
                0x00000000       0x19 src/UART.o
 .progmem.data.Menu0_0
                0x00000000       0x14 src/UART.o
 .progmem.data.TextoDosificador
                0x00000000       0x3f src/UART.o
 .progmem.data.TextoBidon
                0x00000000        0x9 src/UART.o
 .progmem.data.TextoVolumen0
                0x00000000        0x4 src/UART.o
 .progmem.data.TextoVolumen
                0x00000000        0xa src/UART.o
 .progmem.data.TextoTemperatura0
                0x00000000        0x4 src/UART.o
 .progmem.data.TextoTemperatura
                0x00000000        0xe src/UART.o
 .progmem.data.TextoFracaso1
                0x00000000       0x3f src/UART.o
 .progmem.data.TextoFracaso
                0x00000000       0x48 src/UART.o
 .progmem.data.TextoExito
                0x00000000       0x15 src/UART.o
 .progmem.data.TextoRegresar
                0x00000000       0x27 src/UART.o
 .progmem.data.TextoElegir
                0x00000000       0x30 src/UART.o
 .debug_macro   0x00000000      0xa30 src/UART.o
 .debug_macro   0x00000000       0x10 src/UART.o
 .debug_macro   0x00000000      0x1ad src/UART.o
 .debug_macro   0x00000000      0x293 src/UART.o
 .debug_macro   0x00000000     0x13ae src/UART.o
 .debug_macro   0x00000000      0x13a src/UART.o
 .debug_macro   0x00000000       0xbd src/UART.o
 .debug_macro   0x00000000       0x34 src/UART.o
 .debug_macro   0x00000000       0x18 src/UART.o
 .debug_macro   0x00000000       0x6c src/UART.o
 .debug_macro   0x00000000       0x69 src/UART.o
 .debug_macro   0x00000000       0x10 src/UART.o
 .debug_macro   0x00000000       0x58 src/UART.o
 .debug_macro   0x00000000       0x10 src/UART.o
 .debug_macro   0x00000000       0xeb src/UART.o
 COMMON         0x00000000        0xa src/UART.o
 .group         0x00000000        0x8 src/ASF/common/boards/user_board/init.o
 .group         0x00000000        0x8 src/ASF/common/boards/user_board/init.o
 .group         0x00000000        0x8 src/ASF/common/boards/user_board/init.o
 .group         0x00000000        0x8 src/ASF/common/boards/user_board/init.o
 .group         0x00000000        0x8 src/ASF/common/boards/user_board/init.o
 .group         0x00000000        0x8 src/ASF/common/boards/user_board/init.o
 .group         0x00000000        0x8 src/ASF/common/boards/user_board/init.o
 .group         0x00000000        0x8 src/ASF/common/boards/user_board/init.o
 .group         0x00000000        0x8 src/ASF/common/boards/user_board/init.o
 .group         0x00000000        0x8 src/ASF/common/boards/user_board/init.o
 .group         0x00000000        0x8 src/ASF/common/boards/user_board/init.o
 .group         0x00000000        0x8 src/ASF/common/boards/user_board/init.o
 .group         0x00000000        0x8 src/ASF/common/boards/user_board/init.o
 .group         0x00000000        0x8 src/ASF/common/boards/user_board/init.o
 .group         0x00000000        0x8 src/ASF/common/boards/user_board/init.o
 .group         0x00000000        0x8 src/ASF/common/boards/user_board/init.o
 .group         0x00000000        0x8 src/ASF/common/boards/user_board/init.o
 .group         0x00000000        0x8 src/ASF/common/boards/user_board/init.o
 .group         0x00000000        0x8 src/ASF/common/boards/user_board/init.o
 .group         0x00000000        0x8 src/ASF/common/boards/user_board/init.o
 .group         0x00000000        0x8 src/ASF/common/boards/user_board/init.o
 .group         0x00000000        0x8 src/ASF/common/boards/user_board/init.o
 .group         0x00000000        0x8 src/ASF/common/boards/user_board/init.o
 .group         0x00000000        0x8 src/ASF/common/boards/user_board/init.o
 .group         0x00000000        0x8 src/ASF/common/boards/user_board/init.o
 .text          0x00000000        0x0 src/ASF/common/boards/user_board/init.o
 .data          0x00000000        0x0 src/ASF/common/boards/user_board/init.o
 .bss           0x00000000        0x0 src/ASF/common/boards/user_board/init.o
 .text.board_init
                0x00000000        0x2 src/ASF/common/boards/user_board/init.o
 .debug_info    0x00000000       0x7c src/ASF/common/boards/user_board/init.o
 .debug_abbrev  0x00000000       0x47 src/ASF/common/boards/user_board/init.o
 .debug_aranges
                0x00000000       0x20 src/ASF/common/boards/user_board/init.o
 .debug_ranges  0x00000000       0x10 src/ASF/common/boards/user_board/init.o
 .debug_macro   0x00000000      0x152 src/ASF/common/boards/user_board/init.o
 .debug_macro   0x00000000      0xa30 src/ASF/common/boards/user_board/init.o
 .debug_macro   0x00000000       0x10 src/ASF/common/boards/user_board/init.o
 .debug_macro   0x00000000      0x1ad src/ASF/common/boards/user_board/init.o
 .debug_macro   0x00000000      0x293 src/ASF/common/boards/user_board/init.o
 .debug_macro   0x00000000       0x9e src/ASF/common/boards/user_board/init.o
 .debug_macro   0x00000000     0x13ae src/ASF/common/boards/user_board/init.o
 .debug_macro   0x00000000      0x13a src/ASF/common/boards/user_board/init.o
 .debug_macro   0x00000000       0xbd src/ASF/common/boards/user_board/init.o
 .debug_macro   0x00000000       0x34 src/ASF/common/boards/user_board/init.o
 .debug_macro   0x00000000       0x18 src/ASF/common/boards/user_board/init.o
 .debug_macro   0x00000000       0x6c src/ASF/common/boards/user_board/init.o
 .debug_macro   0x00000000       0x22 src/ASF/common/boards/user_board/init.o
 .debug_macro   0x00000000      0x166 src/ASF/common/boards/user_board/init.o
 .debug_macro   0x00000000       0x1c src/ASF/common/boards/user_board/init.o
 .debug_macro   0x00000000       0x35 src/ASF/common/boards/user_board/init.o
 .debug_macro   0x00000000       0x66 src/ASF/common/boards/user_board/init.o
 .debug_macro   0x00000000      0x4ae src/ASF/common/boards/user_board/init.o
 .debug_macro   0x00000000       0x44 src/ASF/common/boards/user_board/init.o
 .debug_macro   0x00000000       0x69 src/ASF/common/boards/user_board/init.o
 .debug_macro   0x00000000       0x2c src/ASF/common/boards/user_board/init.o
 .debug_macro   0x00000000       0x10 src/ASF/common/boards/user_board/init.o
 .debug_macro   0x00000000       0xe2 src/ASF/common/boards/user_board/init.o
 .debug_macro   0x00000000       0x40 src/ASF/common/boards/user_board/init.o
 .debug_macro   0x00000000      0x100 src/ASF/common/boards/user_board/init.o
 .debug_macro   0x00000000      0x231 src/ASF/common/boards/user_board/init.o
 .debug_line    0x00000000      0x36c src/ASF/common/boards/user_board/init.o
 .debug_str     0x00000000     0xda23 src/ASF/common/boards/user_board/init.o
 .comment       0x00000000       0x31 src/ASF/common/boards/user_board/init.o
 .debug_frame   0x00000000       0x24 src/ASF/common/boards/user_board/init.o
 .group         0x00000000        0x8 src/main.o
 .group         0x00000000        0x8 src/main.o
 .group         0x00000000        0x8 src/main.o
 .group         0x00000000        0x8 src/main.o
 .group         0x00000000        0x8 src/main.o
 .group         0x00000000        0x8 src/main.o
 .group         0x00000000        0x8 src/main.o
 .group         0x00000000        0x8 src/main.o
 .group         0x00000000        0x8 src/main.o
 .group         0x00000000        0x8 src/main.o
 .group         0x00000000        0x8 src/main.o
 .group         0x00000000        0x8 src/main.o
 .group         0x00000000        0x8 src/main.o
 .group         0x00000000        0x8 src/main.o
 .group         0x00000000        0x8 src/main.o
 .group         0x00000000        0x8 src/main.o
 .group         0x00000000        0x8 src/main.o
 .group         0x00000000        0x8 src/main.o
 .text          0x00000000        0x0 src/main.o
 .data          0x00000000        0x0 src/main.o
 .bss           0x00000000        0x0 src/main.o
 .debug_macro   0x00000000      0xa30 src/main.o
 .debug_macro   0x00000000       0x10 src/main.o
 .debug_macro   0x00000000      0x1ad src/main.o
 .debug_macro   0x00000000      0x293 src/main.o
 .debug_macro   0x00000000       0x9e src/main.o
 .debug_macro   0x00000000     0x13ae src/main.o
 .debug_macro   0x00000000      0x13a src/main.o
 .debug_macro   0x00000000       0xbd src/main.o
 .debug_macro   0x00000000       0x34 src/main.o
 .debug_macro   0x00000000       0x18 src/main.o
 .debug_macro   0x00000000       0x6c src/main.o
 .debug_macro   0x00000000       0x69 src/main.o
 .debug_macro   0x00000000       0x10 src/main.o
 .debug_macro   0x00000000      0x16d src/main.o
 .debug_macro   0x00000000       0x58 src/main.o
 .debug_macro   0x00000000       0x10 src/main.o
 .debug_macro   0x00000000       0x97 src/main.o
 .debug_macro   0x00000000       0xeb src/main.o
 .text          0x00000000        0x0 c:/program files (x86)/atmel/atmel toolchain/avr8 gcc/native/3.4.1061/avr8-gnu-toolchain/bin/../lib/gcc/avr/4.8.1/avr5\libgcc.a(_udivmodsi4.o)
 .data          0x00000000        0x0 c:/program files (x86)/atmel/atmel toolchain/avr8 gcc/native/3.4.1061/avr8-gnu-toolchain/bin/../lib/gcc/avr/4.8.1/avr5\libgcc.a(_udivmodsi4.o)
 .bss           0x00000000        0x0 c:/program files (x86)/atmel/atmel toolchain/avr8 gcc/native/3.4.1061/avr8-gnu-toolchain/bin/../lib/gcc/avr/4.8.1/avr5\libgcc.a(_udivmodsi4.o)
 .text.libgcc.mul
                0x00000000        0x0 c:/program files (x86)/atmel/atmel toolchain/avr8 gcc/native/3.4.1061/avr8-gnu-toolchain/bin/../lib/gcc/avr/4.8.1/avr5\libgcc.a(_udivmodsi4.o)
 .text.libgcc   0x00000000        0x0 c:/program files (x86)/atmel/atmel toolchain/avr8 gcc/native/3.4.1061/avr8-gnu-toolchain/bin/../lib/gcc/avr/4.8.1/avr5\libgcc.a(_udivmodsi4.o)
 .text.libgcc.prologue
                0x00000000        0x0 c:/program files (x86)/atmel/atmel toolchain/avr8 gcc/native/3.4.1061/avr8-gnu-toolchain/bin/../lib/gcc/avr/4.8.1/avr5\libgcc.a(_udivmodsi4.o)
 .text.libgcc.builtins
                0x00000000        0x0 c:/program files (x86)/atmel/atmel toolchain/avr8 gcc/native/3.4.1061/avr8-gnu-toolchain/bin/../lib/gcc/avr/4.8.1/avr5\libgcc.a(_udivmodsi4.o)
 .text.libgcc.fmul
                0x00000000        0x0 c:/program files (x86)/atmel/atmel toolchain/avr8 gcc/native/3.4.1061/avr8-gnu-toolchain/bin/../lib/gcc/avr/4.8.1/avr5\libgcc.a(_udivmodsi4.o)
 .text.libgcc.fixed
                0x00000000        0x0 c:/program files (x86)/atmel/atmel toolchain/avr8 gcc/native/3.4.1061/avr8-gnu-toolchain/bin/../lib/gcc/avr/4.8.1/avr5\libgcc.a(_udivmodsi4.o)
 .text          0x00000000        0x0 c:/program files (x86)/atmel/atmel toolchain/avr8 gcc/native/3.4.1061/avr8-gnu-toolchain/bin/../lib/gcc/avr/4.8.1/avr5\libgcc.a(_exit.o)
 .data          0x00000000        0x0 c:/program files (x86)/atmel/atmel toolchain/avr8 gcc/native/3.4.1061/avr8-gnu-toolchain/bin/../lib/gcc/avr/4.8.1/avr5\libgcc.a(_exit.o)
 .bss           0x00000000        0x0 c:/program files (x86)/atmel/atmel toolchain/avr8 gcc/native/3.4.1061/avr8-gnu-toolchain/bin/../lib/gcc/avr/4.8.1/avr5\libgcc.a(_exit.o)
 .text.libgcc.mul
                0x00000000        0x0 c:/program files (x86)/atmel/atmel toolchain/avr8 gcc/native/3.4.1061/avr8-gnu-toolchain/bin/../lib/gcc/avr/4.8.1/avr5\libgcc.a(_exit.o)
 .text.libgcc.div
                0x00000000        0x0 c:/program files (x86)/atmel/atmel toolchain/avr8 gcc/native/3.4.1061/avr8-gnu-toolchain/bin/../lib/gcc/avr/4.8.1/avr5\libgcc.a(_exit.o)
 .text.libgcc   0x00000000        0x0 c:/program files (x86)/atmel/atmel toolchain/avr8 gcc/native/3.4.1061/avr8-gnu-toolchain/bin/../lib/gcc/avr/4.8.1/avr5\libgcc.a(_exit.o)
 .text.libgcc.prologue
                0x00000000        0x0 c:/program files (x86)/atmel/atmel toolchain/avr8 gcc/native/3.4.1061/avr8-gnu-toolchain/bin/../lib/gcc/avr/4.8.1/avr5\libgcc.a(_exit.o)
 .text.libgcc.builtins
                0x00000000        0x0 c:/program files (x86)/atmel/atmel toolchain/avr8 gcc/native/3.4.1061/avr8-gnu-toolchain/bin/../lib/gcc/avr/4.8.1/avr5\libgcc.a(_exit.o)
 .text.libgcc.fmul
                0x00000000        0x0 c:/program files (x86)/atmel/atmel toolchain/avr8 gcc/native/3.4.1061/avr8-gnu-toolchain/bin/../lib/gcc/avr/4.8.1/avr5\libgcc.a(_exit.o)
 .text.libgcc.fixed
                0x00000000        0x0 c:/program files (x86)/atmel/atmel toolchain/avr8 gcc/native/3.4.1061/avr8-gnu-toolchain/bin/../lib/gcc/avr/4.8.1/avr5\libgcc.a(_exit.o)
 .text          0x00000000        0x0 c:/program files (x86)/atmel/atmel toolchain/avr8 gcc/native/3.4.1061/avr8-gnu-toolchain/bin/../lib/gcc/avr/4.8.1/avr5\libgcc.a(_copy_data.o)
 .data          0x00000000        0x0 c:/program files (x86)/atmel/atmel toolchain/avr8 gcc/native/3.4.1061/avr8-gnu-toolchain/bin/../lib/gcc/avr/4.8.1/avr5\libgcc.a(_copy_data.o)
 .bss           0x00000000        0x0 c:/program files (x86)/atmel/atmel toolchain/avr8 gcc/native/3.4.1061/avr8-gnu-toolchain/bin/../lib/gcc/avr/4.8.1/avr5\libgcc.a(_copy_data.o)
 .text.libgcc.mul
                0x00000000        0x0 c:/program files (x86)/atmel/atmel toolchain/avr8 gcc/native/3.4.1061/avr8-gnu-toolchain/bin/../lib/gcc/avr/4.8.1/avr5\libgcc.a(_copy_data.o)
 .text.libgcc.div
                0x00000000        0x0 c:/program files (x86)/atmel/atmel toolchain/avr8 gcc/native/3.4.1061/avr8-gnu-toolchain/bin/../lib/gcc/avr/4.8.1/avr5\libgcc.a(_copy_data.o)
 .text.libgcc   0x00000000        0x0 c:/program files (x86)/atmel/atmel toolchain/avr8 gcc/native/3.4.1061/avr8-gnu-toolchain/bin/../lib/gcc/avr/4.8.1/avr5\libgcc.a(_copy_data.o)
 .text.libgcc.prologue
                0x00000000        0x0 c:/program files (x86)/atmel/atmel toolchain/avr8 gcc/native/3.4.1061/avr8-gnu-toolchain/bin/../lib/gcc/avr/4.8.1/avr5\libgcc.a(_copy_data.o)
 .text.libgcc.builtins
                0x00000000        0x0 c:/program files (x86)/atmel/atmel toolchain/avr8 gcc/native/3.4.1061/avr8-gnu-toolchain/bin/../lib/gcc/avr/4.8.1/avr5\libgcc.a(_copy_data.o)
 .text.libgcc.fmul
                0x00000000        0x0 c:/program files (x86)/atmel/atmel toolchain/avr8 gcc/native/3.4.1061/avr8-gnu-toolchain/bin/../lib/gcc/avr/4.8.1/avr5\libgcc.a(_copy_data.o)
 .text.libgcc.fixed
                0x00000000        0x0 c:/program files (x86)/atmel/atmel toolchain/avr8 gcc/native/3.4.1061/avr8-gnu-toolchain/bin/../lib/gcc/avr/4.8.1/avr5\libgcc.a(_copy_data.o)
 .text          0x00000000        0x0 c:/program files (x86)/atmel/atmel toolchain/avr8 gcc/native/3.4.1061/avr8-gnu-toolchain/bin/../lib/gcc/avr/4.8.1/avr5\libgcc.a(_clear_bss.o)
 .data          0x00000000        0x0 c:/program files (x86)/atmel/atmel toolchain/avr8 gcc/native/3.4.1061/avr8-gnu-toolchain/bin/../lib/gcc/avr/4.8.1/avr5\libgcc.a(_clear_bss.o)
 .bss           0x00000000        0x0 c:/program files (x86)/atmel/atmel toolchain/avr8 gcc/native/3.4.1061/avr8-gnu-toolchain/bin/../lib/gcc/avr/4.8.1/avr5\libgcc.a(_clear_bss.o)
 .text.libgcc.mul
                0x00000000        0x0 c:/program files (x86)/atmel/atmel toolchain/avr8 gcc/native/3.4.1061/avr8-gnu-toolchain/bin/../lib/gcc/avr/4.8.1/avr5\libgcc.a(_clear_bss.o)
 .text.libgcc.div
                0x00000000        0x0 c:/program files (x86)/atmel/atmel toolchain/avr8 gcc/native/3.4.1061/avr8-gnu-toolchain/bin/../lib/gcc/avr/4.8.1/avr5\libgcc.a(_clear_bss.o)
 .text.libgcc   0x00000000        0x0 c:/program files (x86)/atmel/atmel toolchain/avr8 gcc/native/3.4.1061/avr8-gnu-toolchain/bin/../lib/gcc/avr/4.8.1/avr5\libgcc.a(_clear_bss.o)
 .text.libgcc.prologue
                0x00000000        0x0 c:/program files (x86)/atmel/atmel toolchain/avr8 gcc/native/3.4.1061/avr8-gnu-toolchain/bin/../lib/gcc/avr/4.8.1/avr5\libgcc.a(_clear_bss.o)
 .text.libgcc.builtins
                0x00000000        0x0 c:/program files (x86)/atmel/atmel toolchain/avr8 gcc/native/3.4.1061/avr8-gnu-toolchain/bin/../lib/gcc/avr/4.8.1/avr5\libgcc.a(_clear_bss.o)
 .text.libgcc.fmul
                0x00000000        0x0 c:/program files (x86)/atmel/atmel toolchain/avr8 gcc/native/3.4.1061/avr8-gnu-toolchain/bin/../lib/gcc/avr/4.8.1/avr5\libgcc.a(_clear_bss.o)
 .text.libgcc.fixed
                0x00000000        0x0 c:/program files (x86)/atmel/atmel toolchain/avr8 gcc/native/3.4.1061/avr8-gnu-toolchain/bin/../lib/gcc/avr/4.8.1/avr5\libgcc.a(_clear_bss.o)
 .text          0x00000000        0x0 c:/program files (x86)/atmel/atmel toolchain/avr8 gcc/native/3.4.1061/avr8-gnu-toolchain/bin/../lib/gcc/avr/4.8.1/avr5\libgcc.a(_muluhisi3.o)
 .data          0x00000000        0x0 c:/program files (x86)/atmel/atmel toolchain/avr8 gcc/native/3.4.1061/avr8-gnu-toolchain/bin/../lib/gcc/avr/4.8.1/avr5\libgcc.a(_muluhisi3.o)
 .bss           0x00000000        0x0 c:/program files (x86)/atmel/atmel toolchain/avr8 gcc/native/3.4.1061/avr8-gnu-toolchain/bin/../lib/gcc/avr/4.8.1/avr5\libgcc.a(_muluhisi3.o)
 .text.libgcc.div
                0x00000000        0x0 c:/program files (x86)/atmel/atmel toolchain/avr8 gcc/native/3.4.1061/avr8-gnu-toolchain/bin/../lib/gcc/avr/4.8.1/avr5\libgcc.a(_muluhisi3.o)
 .text.libgcc   0x00000000        0x0 c:/program files (x86)/atmel/atmel toolchain/avr8 gcc/native/3.4.1061/avr8-gnu-toolchain/bin/../lib/gcc/avr/4.8.1/avr5\libgcc.a(_muluhisi3.o)
 .text.libgcc.prologue
                0x00000000        0x0 c:/program files (x86)/atmel/atmel toolchain/avr8 gcc/native/3.4.1061/avr8-gnu-toolchain/bin/../lib/gcc/avr/4.8.1/avr5\libgcc.a(_muluhisi3.o)
 .text.libgcc.builtins
                0x00000000        0x0 c:/program files (x86)/atmel/atmel toolchain/avr8 gcc/native/3.4.1061/avr8-gnu-toolchain/bin/../lib/gcc/avr/4.8.1/avr5\libgcc.a(_muluhisi3.o)
 .text.libgcc.fmul
                0x00000000        0x0 c:/program files (x86)/atmel/atmel toolchain/avr8 gcc/native/3.4.1061/avr8-gnu-toolchain/bin/../lib/gcc/avr/4.8.1/avr5\libgcc.a(_muluhisi3.o)
 .text.libgcc.fixed
                0x00000000        0x0 c:/program files (x86)/atmel/atmel toolchain/avr8 gcc/native/3.4.1061/avr8-gnu-toolchain/bin/../lib/gcc/avr/4.8.1/avr5\libgcc.a(_muluhisi3.o)
 .text          0x00000000        0x0 c:/program files (x86)/atmel/atmel toolchain/avr8 gcc/native/3.4.1061/avr8-gnu-toolchain/bin/../lib/gcc/avr/4.8.1/avr5\libgcc.a(_umulhisi3.o)
 .data          0x00000000        0x0 c:/program files (x86)/atmel/atmel toolchain/avr8 gcc/native/3.4.1061/avr8-gnu-toolchain/bin/../lib/gcc/avr/4.8.1/avr5\libgcc.a(_umulhisi3.o)
 .bss           0x00000000        0x0 c:/program files (x86)/atmel/atmel toolchain/avr8 gcc/native/3.4.1061/avr8-gnu-toolchain/bin/../lib/gcc/avr/4.8.1/avr5\libgcc.a(_umulhisi3.o)
 .text.libgcc.div
                0x00000000        0x0 c:/program files (x86)/atmel/atmel toolchain/avr8 gcc/native/3.4.1061/avr8-gnu-toolchain/bin/../lib/gcc/avr/4.8.1/avr5\libgcc.a(_umulhisi3.o)
 .text.libgcc   0x00000000        0x0 c:/program files (x86)/atmel/atmel toolchain/avr8 gcc/native/3.4.1061/avr8-gnu-toolchain/bin/../lib/gcc/avr/4.8.1/avr5\libgcc.a(_umulhisi3.o)
 .text.libgcc.prologue
                0x00000000        0x0 c:/program files (x86)/atmel/atmel toolchain/avr8 gcc/native/3.4.1061/avr8-gnu-toolchain/bin/../lib/gcc/avr/4.8.1/avr5\libgcc.a(_umulhisi3.o)
 .text.libgcc.builtins
                0x00000000        0x0 c:/program files (x86)/atmel/atmel toolchain/avr8 gcc/native/3.4.1061/avr8-gnu-toolchain/bin/../lib/gcc/avr/4.8.1/avr5\libgcc.a(_umulhisi3.o)
 .text.libgcc.fmul
                0x00000000        0x0 c:/program files (x86)/atmel/atmel toolchain/avr8 gcc/native/3.4.1061/avr8-gnu-toolchain/bin/../lib/gcc/avr/4.8.1/avr5\libgcc.a(_umulhisi3.o)
 .text.libgcc.fixed
                0x00000000        0x0 c:/program files (x86)/atmel/atmel toolchain/avr8 gcc/native/3.4.1061/avr8-gnu-toolchain/bin/../lib/gcc/avr/4.8.1/avr5\libgcc.a(_umulhisi3.o)
 .text          0x00000000        0x0 c:/program files (x86)/atmel/atmel toolchain/avr8 gcc/native/3.4.1061/avr8-gnu-toolchain/bin/../lib/gcc/avr/4.8.1/../../../../avr/lib/avr5\libc.a(atoi.o)
 .data          0x00000000        0x0 c:/program files (x86)/atmel/atmel toolchain/avr8 gcc/native/3.4.1061/avr8-gnu-toolchain/bin/../lib/gcc/avr/4.8.1/../../../../avr/lib/avr5\libc.a(atoi.o)
 .bss           0x00000000        0x0 c:/program files (x86)/atmel/atmel toolchain/avr8 gcc/native/3.4.1061/avr8-gnu-toolchain/bin/../lib/gcc/avr/4.8.1/../../../../avr/lib/avr5\libc.a(atoi.o)
 .text.avr-libc
                0x00000000       0x3c c:/program files (x86)/atmel/atmel toolchain/avr8 gcc/native/3.4.1061/avr8-gnu-toolchain/bin/../lib/gcc/avr/4.8.1/../../../../avr/lib/avr5\libc.a(atoi.o)
 .text          0x00000000        0x0 c:/program files (x86)/atmel/atmel toolchain/avr8 gcc/native/3.4.1061/avr8-gnu-toolchain/bin/../lib/gcc/avr/4.8.1/../../../../avr/lib/avr5\libc.a(mul10.o)
 .data          0x00000000        0x0 c:/program files (x86)/atmel/atmel toolchain/avr8 gcc/native/3.4.1061/avr8-gnu-toolchain/bin/../lib/gcc/avr/4.8.1/../../../../avr/lib/avr5\libc.a(mul10.o)
 .bss           0x00000000        0x0 c:/program files (x86)/atmel/atmel toolchain/avr8 gcc/native/3.4.1061/avr8-gnu-toolchain/bin/../lib/gcc/avr/4.8.1/../../../../avr/lib/avr5\libc.a(mul10.o)
 .text.avr-libc
                0x00000000       0x10 c:/program files (x86)/atmel/atmel toolchain/avr8 gcc/native/3.4.1061/avr8-gnu-toolchain/bin/../lib/gcc/avr/4.8.1/../../../../avr/lib/avr5\libc.a(mul10.o)
 .text          0x00000000        0x0 c:/program files (x86)/atmel/atmel toolchain/avr8 gcc/native/3.4.1061/avr8-gnu-toolchain/bin/../lib/gcc/avr/4.8.1/../../../../avr/lib/avr5\libc.a(sprintf.o)
 .data          0x00000000        0x0 c:/program files (x86)/atmel/atmel toolchain/avr8 gcc/native/3.4.1061/avr8-gnu-toolchain/bin/../lib/gcc/avr/4.8.1/../../../../avr/lib/avr5\libc.a(sprintf.o)
 .bss           0x00000000        0x0 c:/program files (x86)/atmel/atmel toolchain/avr8 gcc/native/3.4.1061/avr8-gnu-toolchain/bin/../lib/gcc/avr/4.8.1/../../../../avr/lib/avr5\libc.a(sprintf.o)
 .text.avr-libc
                0x00000000       0x44 c:/program files (x86)/atmel/atmel toolchain/avr8 gcc/native/3.4.1061/avr8-gnu-toolchain/bin/../lib/gcc/avr/4.8.1/../../../../avr/lib/avr5\libc.a(sprintf.o)
 .comment       0x00000000       0x31 c:/program files (x86)/atmel/atmel toolchain/avr8 gcc/native/3.4.1061/avr8-gnu-toolchain/bin/../lib/gcc/avr/4.8.1/../../../../avr/lib/avr5\libc.a(sprintf.o)
 .text          0x00000000        0x0 c:/program files (x86)/atmel/atmel toolchain/avr8 gcc/native/3.4.1061/avr8-gnu-toolchain/bin/../lib/gcc/avr/4.8.1/../../../../avr/lib/avr5\libc.a(vfprintf_std.o)
 .data          0x00000000        0x0 c:/program files (x86)/atmel/atmel toolchain/avr8 gcc/native/3.4.1061/avr8-gnu-toolchain/bin/../lib/gcc/avr/4.8.1/../../../../avr/lib/avr5\libc.a(vfprintf_std.o)
 .bss           0x00000000        0x0 c:/program files (x86)/atmel/atmel toolchain/avr8 gcc/native/3.4.1061/avr8-gnu-toolchain/bin/../lib/gcc/avr/4.8.1/../../../../avr/lib/avr5\libc.a(vfprintf_std.o)
 .text.avr-libc
                0x00000000      0x3a4 c:/program files (x86)/atmel/atmel toolchain/avr8 gcc/native/3.4.1061/avr8-gnu-toolchain/bin/../lib/gcc/avr/4.8.1/../../../../avr/lib/avr5\libc.a(vfprintf_std.o)
 .comment       0x00000000       0x2d c:/program files (x86)/atmel/atmel toolchain/avr8 gcc/native/3.4.1061/avr8-gnu-toolchain/bin/../lib/gcc/avr/4.8.1/../../../../avr/lib/avr5\libc.a(vfprintf_std.o)
 .text          0x00000000        0x0 c:/program files (x86)/atmel/atmel toolchain/avr8 gcc/native/3.4.1061/avr8-gnu-toolchain/bin/../lib/gcc/avr/4.8.1/../../../../avr/lib/avr5\libc.a(strnlen_P.o)
 .data          0x00000000        0x0 c:/program files (x86)/atmel/atmel toolchain/avr8 gcc/native/3.4.1061/avr8-gnu-toolchain/bin/../lib/gcc/avr/4.8.1/../../../../avr/lib/avr5\libc.a(strnlen_P.o)
 .bss           0x00000000        0x0 c:/program files (x86)/atmel/atmel toolchain/avr8 gcc/native/3.4.1061/avr8-gnu-toolchain/bin/../lib/gcc/avr/4.8.1/../../../../avr/lib/avr5\libc.a(strnlen_P.o)
 .text.avr-libc
                0x00000000       0x16 c:/program files (x86)/atmel/atmel toolchain/avr8 gcc/native/3.4.1061/avr8-gnu-toolchain/bin/../lib/gcc/avr/4.8.1/../../../../avr/lib/avr5\libc.a(strnlen_P.o)
 .text          0x00000000        0x0 c:/program files (x86)/atmel/atmel toolchain/avr8 gcc/native/3.4.1061/avr8-gnu-toolchain/bin/../lib/gcc/avr/4.8.1/../../../../avr/lib/avr5\libc.a(strnlen.o)
 .data          0x00000000        0x0 c:/program files (x86)/atmel/atmel toolchain/avr8 gcc/native/3.4.1061/avr8-gnu-toolchain/bin/../lib/gcc/avr/4.8.1/../../../../avr/lib/avr5\libc.a(strnlen.o)
 .bss           0x00000000        0x0 c:/program files (x86)/atmel/atmel toolchain/avr8 gcc/native/3.4.1061/avr8-gnu-toolchain/bin/../lib/gcc/avr/4.8.1/../../../../avr/lib/avr5\libc.a(strnlen.o)
 .text.avr-libc
                0x00000000       0x16 c:/program files (x86)/atmel/atmel toolchain/avr8 gcc/native/3.4.1061/avr8-gnu-toolchain/bin/../lib/gcc/avr/4.8.1/../../../../avr/lib/avr5\libc.a(strnlen.o)
 .text          0x00000000        0x0 c:/program files (x86)/atmel/atmel toolchain/avr8 gcc/native/3.4.1061/avr8-gnu-toolchain/bin/../lib/gcc/avr/4.8.1/../../../../avr/lib/avr5\libc.a(fputc.o)
 .data          0x00000000        0x0 c:/program files (x86)/atmel/atmel toolchain/avr8 gcc/native/3.4.1061/avr8-gnu-toolchain/bin/../lib/gcc/avr/4.8.1/../../../../avr/lib/avr5\libc.a(fputc.o)
 .bss           0x00000000        0x0 c:/program files (x86)/atmel/atmel toolchain/avr8 gcc/native/3.4.1061/avr8-gnu-toolchain/bin/../lib/gcc/avr/4.8.1/../../../../avr/lib/avr5\libc.a(fputc.o)
 .text.avr-libc
                0x00000000       0x64 c:/program files (x86)/atmel/atmel toolchain/avr8 gcc/native/3.4.1061/avr8-gnu-toolchain/bin/../lib/gcc/avr/4.8.1/../../../../avr/lib/avr5\libc.a(fputc.o)
 .comment       0x00000000       0x31 c:/program files (x86)/atmel/atmel toolchain/avr8 gcc/native/3.4.1061/avr8-gnu-toolchain/bin/../lib/gcc/avr/4.8.1/../../../../avr/lib/avr5\libc.a(fputc.o)
 .text          0x00000000        0x0 c:/program files (x86)/atmel/atmel toolchain/avr8 gcc/native/3.4.1061/avr8-gnu-toolchain/bin/../lib/gcc/avr/4.8.1/../../../../avr/lib/avr5\libc.a(ultoa_invert.o)
 .data          0x00000000        0x0 c:/program files (x86)/atmel/atmel toolchain/avr8 gcc/native/3.4.1061/avr8-gnu-toolchain/bin/../lib/gcc/avr/4.8.1/../../../../avr/lib/avr5\libc.a(ultoa_invert.o)
 .bss           0x00000000        0x0 c:/program files (x86)/atmel/atmel toolchain/avr8 gcc/native/3.4.1061/avr8-gnu-toolchain/bin/../lib/gcc/avr/4.8.1/../../../../avr/lib/avr5\libc.a(ultoa_invert.o)
 .text.avr-libc
                0x00000000       0xbc c:/program files (x86)/atmel/atmel toolchain/avr8 gcc/native/3.4.1061/avr8-gnu-toolchain/bin/../lib/gcc/avr/4.8.1/../../../../avr/lib/avr5\libc.a(ultoa_invert.o)
 .text          0x00000000        0x0 c:/program files (x86)/atmel/atmel toolchain/avr8 gcc/native/3.4.1061/avr8-gnu-toolchain/bin/../lib/gcc/avr/4.8.1/avr5\libgcc.a(_prologue.o)
 .data          0x00000000        0x0 c:/program files (x86)/atmel/atmel toolchain/avr8 gcc/native/3.4.1061/avr8-gnu-toolchain/bin/../lib/gcc/avr/4.8.1/avr5\libgcc.a(_prologue.o)
 .bss           0x00000000        0x0 c:/program files (x86)/atmel/atmel toolchain/avr8 gcc/native/3.4.1061/avr8-gnu-toolchain/bin/../lib/gcc/avr/4.8.1/avr5\libgcc.a(_prologue.o)
 .text.libgcc.mul
                0x00000000        0x0 c:/program files (x86)/atmel/atmel toolchain/avr8 gcc/native/3.4.1061/avr8-gnu-toolchain/bin/../lib/gcc/avr/4.8.1/avr5\libgcc.a(_prologue.o)
 .text.libgcc.div
                0x00000000        0x0 c:/program files (x86)/atmel/atmel toolchain/avr8 gcc/native/3.4.1061/avr8-gnu-toolchain/bin/../lib/gcc/avr/4.8.1/avr5\libgcc.a(_prologue.o)
 .text.libgcc   0x00000000        0x0 c:/program files (x86)/atmel/atmel toolchain/avr8 gcc/native/3.4.1061/avr8-gnu-toolchain/bin/../lib/gcc/avr/4.8.1/avr5\libgcc.a(_prologue.o)
 .text.libgcc.prologue
                0x00000000       0x38 c:/program files (x86)/atmel/atmel toolchain/avr8 gcc/native/3.4.1061/avr8-gnu-toolchain/bin/../lib/gcc/avr/4.8.1/avr5\libgcc.a(_prologue.o)
 .text.libgcc.builtins
                0x00000000        0x0 c:/program files (x86)/atmel/atmel toolchain/avr8 gcc/native/3.4.1061/avr8-gnu-toolchain/bin/../lib/gcc/avr/4.8.1/avr5\libgcc.a(_prologue.o)
 .text.libgcc.fmul
                0x00000000        0x0 c:/program files (x86)/atmel/atmel toolchain/avr8 gcc/native/3.4.1061/avr8-gnu-toolchain/bin/../lib/gcc/avr/4.8.1/avr5\libgcc.a(_prologue.o)
 .text.libgcc.fixed
                0x00000000        0x0 c:/program files (x86)/atmel/atmel toolchain/avr8 gcc/native/3.4.1061/avr8-gnu-toolchain/bin/../lib/gcc/avr/4.8.1/avr5\libgcc.a(_prologue.o)
 .text          0x00000000        0x0 c:/program files (x86)/atmel/atmel toolchain/avr8 gcc/native/3.4.1061/avr8-gnu-toolchain/bin/../lib/gcc/avr/4.8.1/avr5\libgcc.a(_epilogue.o)
 .data          0x00000000        0x0 c:/program files (x86)/atmel/atmel toolchain/avr8 gcc/native/3.4.1061/avr8-gnu-toolchain/bin/../lib/gcc/avr/4.8.1/avr5\libgcc.a(_epilogue.o)
 .bss           0x00000000        0x0 c:/program files (x86)/atmel/atmel toolchain/avr8 gcc/native/3.4.1061/avr8-gnu-toolchain/bin/../lib/gcc/avr/4.8.1/avr5\libgcc.a(_epilogue.o)
 .text.libgcc.mul
                0x00000000        0x0 c:/program files (x86)/atmel/atmel toolchain/avr8 gcc/native/3.4.1061/avr8-gnu-toolchain/bin/../lib/gcc/avr/4.8.1/avr5\libgcc.a(_epilogue.o)
 .text.libgcc.div
                0x00000000        0x0 c:/program files (x86)/atmel/atmel toolchain/avr8 gcc/native/3.4.1061/avr8-gnu-toolchain/bin/../lib/gcc/avr/4.8.1/avr5\libgcc.a(_epilogue.o)
 .text.libgcc   0x00000000        0x0 c:/program files (x86)/atmel/atmel toolchain/avr8 gcc/native/3.4.1061/avr8-gnu-toolchain/bin/../lib/gcc/avr/4.8.1/avr5\libgcc.a(_epilogue.o)
 .text.libgcc.prologue
                0x00000000       0x36 c:/program files (x86)/atmel/atmel toolchain/avr8 gcc/native/3.4.1061/avr8-gnu-toolchain/bin/../lib/gcc/avr/4.8.1/avr5\libgcc.a(_epilogue.o)
 .text.libgcc.builtins
                0x00000000        0x0 c:/program files (x86)/atmel/atmel toolchain/avr8 gcc/native/3.4.1061/avr8-gnu-toolchain/bin/../lib/gcc/avr/4.8.1/avr5\libgcc.a(_epilogue.o)
 .text.libgcc.fmul
                0x00000000        0x0 c:/program files (x86)/atmel/atmel toolchain/avr8 gcc/native/3.4.1061/avr8-gnu-toolchain/bin/../lib/gcc/avr/4.8.1/avr5\libgcc.a(_epilogue.o)
 .text.libgcc.fixed
                0x00000000        0x0 c:/program files (x86)/atmel/atmel toolchain/avr8 gcc/native/3.4.1061/avr8-gnu-toolchain/bin/../lib/gcc/avr/4.8.1/avr5\libgcc.a(_epilogue.o)

Memory Configuration

Name             Origin             Length             Attributes
text             0x00000000         0x00020000         xr
data             0x00800060         0x0000ffa0         rw !x
eeprom           0x00810000         0x00010000         rw !x
fuse             0x00820000         0x00000400         rw !x
lock             0x00830000         0x00000400         rw !x
signature        0x00840000         0x00000400         rw !x
user_signatures  0x00850000         0x00000400         rw !x
*default*        0x00000000         0xffffffff

Linker script and memory map

Address of section .data set to 0x800100
LOAD c:/program files (x86)/atmel/atmel toolchain/avr8 gcc/native/3.4.1061/avr8-gnu-toolchain/bin/../lib/gcc/avr/4.8.1/../../../../avr/lib/avr5/crtm328p.o
LOAD src/FuncionesDerivadas.o
LOAD src/FuncionesEprom.o
LOAD src/Menu.o
LOAD src/UART.o
LOAD src/ASF/common/boards/user_board/init.o
LOAD src/main.o
START GROUP
LOAD c:/program files (x86)/atmel/atmel toolchain/avr8 gcc/native/3.4.1061/avr8-gnu-toolchain/bin/../lib/gcc/avr/4.8.1/../../../../avr/lib/avr5\libm.a
END GROUP
START GROUP
LOAD c:/program files (x86)/atmel/atmel toolchain/avr8 gcc/native/3.4.1061/avr8-gnu-toolchain/bin/../lib/gcc/avr/4.8.1/avr5\libgcc.a
LOAD c:/program files (x86)/atmel/atmel toolchain/avr8 gcc/native/3.4.1061/avr8-gnu-toolchain/bin/../lib/gcc/avr/4.8.1/../../../../avr/lib/avr5\libm.a
LOAD c:/program files (x86)/atmel/atmel toolchain/avr8 gcc/native/3.4.1061/avr8-gnu-toolchain/bin/../lib/gcc/avr/4.8.1/../../../../avr/lib/avr5\libc.a
END GROUP

.hash
 *(.hash)

.dynsym
 *(.dynsym)

.dynstr
 *(.dynstr)

.gnu.version
 *(.gnu.version)

.gnu.version_d
 *(.gnu.version_d)

.gnu.version_r
 *(.gnu.version_r)

.rel.init
 *(.rel.init)

.rela.init
 *(.rela.init)

.rel.text
 *(.rel.text)
 *(.rel.text.*)
 *(.rel.gnu.linkonce.t*)

.rela.text
 *(.rela.text)
 *(.rela.text.*)
 *(.rela.gnu.linkonce.t*)

.rel.fini
 *(.rel.fini)

.rela.fini
 *(.rela.fini)

.rel.rodata
 *(.rel.rodata)
 *(.rel.rodata.*)
 *(.rel.gnu.linkonce.r*)

.rela.rodata
 *(.rela.rodata)
 *(.rela.rodata.*)
 *(.rela.gnu.linkonce.r*)

.rel.data
 *(.rel.data)
 *(.rel.data.*)
 *(.rel.gnu.linkonce.d*)

.rela.data
 *(.rela.data)
 *(.rela.data.*)
 *(.rela.gnu.linkonce.d*)

.rel.ctors
 *(.rel.ctors)

.rela.ctors
 *(.rela.ctors)

.rel.dtors
 *(.rel.dtors)

.rela.dtors
 *(.rela.dtors)

.rel.got
 *(.rel.got)

.rela.got
 *(.rela.got)

.rel.bss
 *(.rel.bss)

.rela.bss
 *(.rela.bss)

.rel.plt
 *(.rel.plt)

.rela.plt
 *(.rela.plt)

.text           0x00000000     0x142c
 *(.vectors)
 .vectors       0x00000000       0x68 c:/program files (x86)/atmel/atmel toolchain/avr8 gcc/native/3.4.1061/avr8-gnu-toolchain/bin/../lib/gcc/avr/4.8.1/../../../../avr/lib/avr5/crtm328p.o
                0x00000000                __vector_default
                0x00000000                __vectors
 *(.vectors)
 *(.progmem.gcc*)
                0x00000068                . = ALIGN (0x2)
                0x00000068                __trampolines_start = .
 *(.trampolines)
 .trampolines   0x00000068        0x0 linker stubs
 *(.trampolines*)
                0x00000068                __trampolines_end = .
 *(.progmem*)
 .progmem.data.Bienvenida39
                0x00000068       0x41 src/UART.o
                0x00000068                Bienvenida39
 .progmem.data.Bienvenida38
                0x000000a9       0x41 src/UART.o
                0x000000a9                Bienvenida38
 .progmem.data.Bienvenida37
                0x000000ea       0x41 src/UART.o
                0x000000ea                Bienvenida37
 .progmem.data.Bienvenida36
                0x0000012b       0x41 src/UART.o
                0x0000012b                Bienvenida36
 .progmem.data.Bienvenida35
                0x0000016c       0x41 src/UART.o
                0x0000016c                Bienvenida35
 .progmem.data.Bienvenida34
                0x000001ad       0x41 src/UART.o
                0x000001ad                Bienvenida34
 .progmem.data.Bienvenida33
                0x000001ee       0x41 src/UART.o
                0x000001ee                Bienvenida33
 .progmem.data.Bienvenida32
                0x0000022f       0x41 src/UART.o
                0x0000022f                Bienvenida32
 .progmem.data.Bienvenida31
                0x00000270       0x5e src/UART.o
                0x00000270                Bienvenida31
 .progmem.data.Bienvenida30
                0x000002ce       0x6b src/UART.o
                0x000002ce                Bienvenida30
 .progmem.data.Bienvenida29
                0x00000339       0x6b src/UART.o
                0x00000339                Bienvenida29
 .progmem.data.Bienvenida28
                0x000003a4       0x6b src/UART.o
                0x000003a4                Bienvenida28
 .progmem.data.Bienvenida27
                0x0000040f       0x66 src/UART.o
                0x0000040f                Bienvenida27
 .progmem.data.Bienvenida26
                0x00000475       0x3c src/UART.o
                0x00000475                Bienvenida26
 .progmem.data.Bienvenida25
                0x000004b1       0x3b src/UART.o
                0x000004b1                Bienvenida25
 .progmem.data.Bienvenida24
                0x000004ec       0x57 src/UART.o
                0x000004ec                Bienvenida24
 .progmem.data.Bienvenida23
                0x00000543       0x5c src/UART.o
                0x00000543                Bienvenida23
 .progmem.data.Bienvenida22
                0x0000059f       0x4c src/UART.o
                0x0000059f                Bienvenida22
 .progmem.data.Bienvenida21
                0x000005eb       0x59 src/UART.o
                0x000005eb                Bienvenida21
 .progmem.data.Bienvenida20
                0x00000644       0x48 src/UART.o
                0x00000644                Bienvenida20
 .progmem.data.Bienvenida19
                0x0000068c       0x54 src/UART.o
                0x0000068c                Bienvenida19
 .progmem.data.Bienvenida18
                0x000006e0       0x62 src/UART.o
                0x000006e0                Bienvenida18
 .progmem.data.Bienvenida17
                0x00000742       0x41 src/UART.o
                0x00000742                Bienvenida17
 .progmem.data.Bienvenida16
                0x00000783       0x5d src/UART.o
                0x00000783                Bienvenida16
 .progmem.data.Bienvenida15
                0x000007e0       0x68 src/UART.o
                0x000007e0                Bienvenida15
 .progmem.data.Bienvenida14
                0x00000848       0x41 src/UART.o
                0x00000848                Bienvenida14
 .progmem.data.BienvenidaD
                0x00000889       0x73 src/UART.o
                0x00000889                BienvenidaD
 .progmem.data.BienvenidaC
                0x000008fc       0x70 src/UART.o
                0x000008fc                BienvenidaC
 .progmem.data.BienvenidaB
                0x0000096c       0x70 src/UART.o
                0x0000096c                BienvenidaB
 .progmem.data.BienvenidaA
                0x000009dc       0x6e src/UART.o
                0x000009dc                BienvenidaA
 .progmem.data.Bienvenida9
                0x00000a4a       0x6d src/UART.o
                0x00000a4a                Bienvenida9
 .progmem.data.Bienvenida8
                0x00000ab7       0x6d src/UART.o
                0x00000ab7                Bienvenida8
 .progmem.data.Bienvenida7
                0x00000b24       0x6a src/UART.o
                0x00000b24                Bienvenida7
 .progmem.data.Bienvenida6
                0x00000b8e       0x95 src/UART.o
                0x00000b8e                Bienvenida6
 .progmem.data.Bienvenida5
                0x00000c23       0x95 src/UART.o
                0x00000c23                Bienvenida5
 .progmem.data.Bienvenida4
                0x00000cb8       0x95 src/UART.o
                0x00000cb8                Bienvenida4
 .progmem.data.Bienvenida3
                0x00000d4d       0x95 src/UART.o
                0x00000d4d                Bienvenida3
 .progmem.data.Bienvenida2
                0x00000de2       0x95 src/UART.o
                0x00000de2                Bienvenida2
 .progmem.data.Bienvenida1
                0x00000e77       0x95 src/UART.o
                0x00000e77                Bienvenida1
 .progmem.data.Bienvenida0
                0x00000f0c       0x95 src/UART.o
                0x00000f0c                Bienvenida0
                0x00000fa2                . = ALIGN (0x2)
 *fill*         0x00000fa1        0x1 
 *(.jumptables)
 *(.jumptables*)
 *(.lowtext)
 *(.lowtext*)
                0x00000fa2                __ctors_start = .
 *(.ctors)
                0x00000fa2                __ctors_end = .
                0x00000fa2                __dtors_start = .
 *(.dtors)
                0x00000fa2                __dtors_end = .
 SORT(*)(.ctors)
 SORT(*)(.dtors)
 *(.init0)
 .init0         0x00000fa2        0x0 c:/program files (x86)/atmel/atmel toolchain/avr8 gcc/native/3.4.1061/avr8-gnu-toolchain/bin/../lib/gcc/avr/4.8.1/../../../../avr/lib/avr5/crtm328p.o
                0x00000fa2                __init
 *(.init0)
 *(.init1)
 *(.init1)
 *(.init2)
 .init2         0x00000fa2        0xc c:/program files (x86)/atmel/atmel toolchain/avr8 gcc/native/3.4.1061/avr8-gnu-toolchain/bin/../lib/gcc/avr/4.8.1/../../../../avr/lib/avr5/crtm328p.o
 *(.init2)
 *(.init3)
 *(.init3)
 *(.init4)
 .init4         0x00000fae       0x16 c:/program files (x86)/atmel/atmel toolchain/avr8 gcc/native/3.4.1061/avr8-gnu-toolchain/bin/../lib/gcc/avr/4.8.1/avr5\libgcc.a(_copy_data.o)
                0x00000fae                __do_copy_data
 .init4         0x00000fc4       0x10 c:/program files (x86)/atmel/atmel toolchain/avr8 gcc/native/3.4.1061/avr8-gnu-toolchain/bin/../lib/gcc/avr/4.8.1/avr5\libgcc.a(_clear_bss.o)
                0x00000fc4                __do_clear_bss
 *(.init4)
 *(.init5)
 *(.init5)
 *(.init6)
 *(.init6)
 *(.init7)
 *(.init7)
 *(.init8)
 *(.init8)
 *(.init9)
 .init9         0x00000fd4        0x4 c:/program files (x86)/atmel/atmel toolchain/avr8 gcc/native/3.4.1061/avr8-gnu-toolchain/bin/../lib/gcc/avr/4.8.1/../../../../avr/lib/avr5/crtm328p.o
 *(.init9)
 *(.text)
 .text          0x00000fd8        0x2 c:/program files (x86)/atmel/atmel toolchain/avr8 gcc/native/3.4.1061/avr8-gnu-toolchain/bin/../lib/gcc/avr/4.8.1/../../../../avr/lib/avr5/crtm328p.o
                0x00000fd8                __vector_22
                0x00000fd8                __vector_24
                0x00000fd8                __vector_12
                0x00000fd8                __bad_interrupt
                0x00000fd8                __vector_6
                0x00000fd8                __vector_3
                0x00000fd8                __vector_23
                0x00000fd8                __vector_25
                0x00000fd8                __vector_13
                0x00000fd8                __vector_17
                0x00000fd8                __vector_19
                0x00000fd8                __vector_7
                0x00000fd8                __vector_5
                0x00000fd8                __vector_4
                0x00000fd8                __vector_9
                0x00000fd8                __vector_2
                0x00000fd8                __vector_21
                0x00000fd8                __vector_15
                0x00000fd8                __vector_8
                0x00000fd8                __vector_14
                0x00000fd8                __vector_10
                0x00000fd8                __vector_16
                0x00000fd8                __vector_18
                0x00000fd8                __vector_20
                0x00000fda                . = ALIGN (0x2)
 *(.text.*)
 .text.uart_init
                0x00000fda       0x18 src/UART.o
                0x00000fda                uart_init
 .text.uart_send_char
                0x00000ff2       0x10 src/UART.o
                0x00000ff2                uart_send_char
 .text.uart_send_string
                0x00001002       0x1c src/UART.o
                0x00001002                uart_send_string
 .text.uart_send_newline
                0x0000101e        0xa src/UART.o
                0x0000101e                uart_send_newline
 .text.MandarStringdesdePrograma
                0x00001028       0x22 src/UART.o
                0x00001028                MandarStringdesdePrograma
 .text.uart_clear_screen
                0x0000104a        0xe src/UART.o
                0x0000104a                uart_clear_screen
 .text.Bienvenida
                0x00001058      0x146 src/UART.o
                0x00001058                Bienvenida
 .text.setupPWM
                0x0000119e       0x12 src/main.o
                0x0000119e                setupPWM
 .text.setupTimer1
                0x000011b0       0x22 src/main.o
                0x000011b0                setupTimer1
 .text.setupINT0
                0x000011d2        0xe src/main.o
                0x000011d2                setupINT0
 .text.setupADC
                0x000011e0       0x16 src/main.o
                0x000011e0                setupADC
 .text.leerTemperatura
                0x000011f6       0x22 src/main.o
                0x000011f6                leerTemperatura
 .text.ajustarPWM
                0x00001218      0x10c src/main.o
                0x00001218                ajustarPWM
 .text.__vector_11
                0x00001324       0x4c src/main.o
                0x00001324                __vector_11
 .text.__vector_1
                0x00001370       0x2e src/main.o
                0x00001370                __vector_1
 .text.main     0x0000139e       0x14 src/main.o
                0x0000139e                main
 .text.libgcc.div
                0x000013b2       0x44 c:/program files (x86)/atmel/atmel toolchain/avr8 gcc/native/3.4.1061/avr8-gnu-toolchain/bin/../lib/gcc/avr/4.8.1/avr5\libgcc.a(_udivmodsi4.o)
                0x000013b2                __udivmodsi4
 .text.libgcc.mul
                0x000013f6       0x14 c:/program files (x86)/atmel/atmel toolchain/avr8 gcc/native/3.4.1061/avr8-gnu-toolchain/bin/../lib/gcc/avr/4.8.1/avr5\libgcc.a(_muluhisi3.o)
                0x000013f6                __muluhisi3
 .text.libgcc.mul
                0x0000140a       0x1e c:/program files (x86)/atmel/atmel toolchain/avr8 gcc/native/3.4.1061/avr8-gnu-toolchain/bin/../lib/gcc/avr/4.8.1/avr5\libgcc.a(_umulhisi3.o)
                0x0000140a                __umulhisi3
                0x00001428                . = ALIGN (0x2)
 *(.fini9)
 .fini9         0x00001428        0x0 c:/program files (x86)/atmel/atmel toolchain/avr8 gcc/native/3.4.1061/avr8-gnu-toolchain/bin/../lib/gcc/avr/4.8.1/avr5\libgcc.a(_exit.o)
                0x00001428                _exit
                0x00001428                exit
 *(.fini9)
 *(.fini8)
 *(.fini8)
 *(.fini7)
 *(.fini7)
 *(.fini6)
 *(.fini6)
 *(.fini5)
 *(.fini5)
 *(.fini4)
 *(.fini4)
 *(.fini3)
 *(.fini3)
 *(.fini2)
 *(.fini2)
 *(.fini1)
 *(.fini1)
 *(.fini0)
 .fini0         0x00001428        0x4 c:/program files (x86)/atmel/atmel toolchain/avr8 gcc/native/3.4.1061/avr8-gnu-toolchain/bin/../lib/gcc/avr/4.8.1/avr5\libgcc.a(_exit.o)
 *(.fini0)
                0x0000142c                _etext = .

.data           0x00800100       0x52 load address 0x0000142c
                0x00800100                PROVIDE (__data_start, .)
 *(.data)
 *(.data*)
 .data.Ventana  0x00800100        0x4 src/main.o
                0x00800100                Ventana
 .data.SetPoint
                0x00800104        0x4 src/main.o
                0x00800104                SetPoint
 *(.rodata)
 *(.rodata*)
 .rodata.str1.1
                0x00800108       0x4a src/UART.o
 *(.gnu.linkonce.d*)
                0x00800152                . = ALIGN (0x2)
                0x00800152                _edata = .
                0x00800152                PROVIDE (__data_end, .)

.bss            0x00800152        0x5
                0x00800152                PROVIDE (__bss_start, .)
 *(.bss)
 *(.bss*)
 .bss.TemperaturaActual
                0x00800152        0x4 src/main.o
                0x00800152                TemperaturaActual
 .bss.Disparos  0x00800156        0x1 src/main.o
                0x00800156                Disparos
 *(COMMON)
                0x00800157                PROVIDE (__bss_end, .)
                0x0000142c                __data_load_start = LOADADDR (.data)
                0x0000147e                __data_load_end = (__data_load_start + SIZEOF (.data))

.noinit         0x00800157        0x0
                0x00800157                PROVIDE (__noinit_start, .)
 *(.noinit*)
                0x00800157                PROVIDE (__noinit_end, .)
                0x00800157                _end = .
                0x00800157                PROVIDE (__heap_start, .)

.eeprom         0x00810000        0x0
 *(.eeprom*)
                0x00810000                __eeprom_end = .

.fuse
 *(.fuse)
 *(.lfuse)
 *(.hfuse)
 *(.efuse)

.lock
 *(.lock*)

.signature
 *(.signature*)

.user_signatures
 *(.user_signatures*)

.stab
 *(.stab)

.stabstr
 *(.stabstr)

.stab.excl
 *(.stab.excl)

.stab.exclstr
 *(.stab.exclstr)

.stab.index
 *(.stab.index)

.stab.indexstr
 *(.stab.indexstr)

.comment        0x00000000       0x30
 *(.comment)
 .comment       0x00000000       0x30 src/UART.o
                                 0x31 (size before relaxing)
 .comment       0x00000000       0x31 src/main.o

.note.gnu.build-id
 *(.note.gnu.build-id)

.debug
 *(.debug)

.line
 *(.line)

.debug_srcinfo
 *(.debug_srcinfo)

.debug_sfnames
 *(.debug_sfnames)

.debug_aranges  0x00000000      0x120
 *(.debug_aranges)
 .debug_aranges
                0x00000000       0xc0 src/UART.o
 .debug_aranges
                0x000000c0       0x60 src/main.o

.debug_pubnames
 *(.debug_pubnames)

.debug_info     0x00000000     0x2ffe
 *(.debug_info .gnu.linkonce.wi.*)
 .debug_info    0x00000000     0x2db2 src/UART.o
 .debug_info    0x00002db2      0x24c src/main.o

.debug_abbrev   0x00000000      0x3ac
 *(.debug_abbrev)
 .debug_abbrev  0x00000000      0x2a8 src/UART.o
 .debug_abbrev  0x000002a8      0x104 src/main.o

.debug_line     0x00000000      0xfee
 *(.debug_line .debug_line.* .debug_line_end)
 .debug_line    0x00000000      0xb92 src/UART.o
 .debug_line    0x00000b92      0x45c src/main.o

.debug_frame    0x00000000      0x360
 *(.debug_frame)
 .debug_frame   0x00000000      0x244 src/UART.o
 .debug_frame   0x00000244      0x11c src/main.o

.debug_str      0x00000000     0x8d78
 *(.debug_str)
 .debug_str     0x00000000     0x8cac src/UART.o
                               0x8dbc (size before relaxing)
 .debug_str     0x00008cac       0xcc src/main.o
                               0x72e3 (size before relaxing)

.debug_loc      0x00000000      0x8e0
 *(.debug_loc)
 .debug_loc     0x00000000      0x720 src/UART.o
 .debug_loc     0x00000720      0x1c0 src/main.o

.debug_macinfo
 *(.debug_macinfo)

.debug_weaknames
 *(.debug_weaknames)

.debug_funcnames
 *(.debug_funcnames)

.debug_typenames
 *(.debug_typenames)

.debug_varnames
 *(.debug_varnames)

.debug_pubtypes
 *(.debug_pubtypes)

.debug_ranges   0x00000000      0x118
 *(.debug_ranges)
 .debug_ranges  0x00000000       0xc8 src/UART.o
 .debug_ranges  0x000000c8       0x50 src/main.o

.debug_macro    0x00000000      0x623
 *(.debug_macro)
 .debug_macro   0x00000000      0x183 src/UART.o
 .debug_macro   0x00000183       0x89 src/UART.o
 .debug_macro   0x0000020c       0xaa src/UART.o
 .debug_macro   0x000002b6       0xee src/UART.o
 .debug_macro   0x000003a4      0x167 src/UART.o
 .debug_macro   0x0000050b       0x20 src/UART.o
 .debug_macro   0x0000052b       0xf8 src/main.o
OUTPUT(Parte Micro de Potencia.elf elf32-avr)
LOAD linker stubs
